./philo 2 101 100 100 1

# bonus

./philo 1 100 100 100
1 1 has taken a fork
100 1 died
philo(65834,0x107c83dc0) malloc: *** error for object 0x7ff2164058a0: pointer being freed was not allocated
philo(65834,0x107c83dc0) malloc: *** set a breakpoint in malloc_error_break to debug
[1]    65834 abort      ./philo 1 100 100 100

// gettimeofday all
// philo id bonus